7:30|Error|Handsome||7:31|Success|Good-lookin